C51 COMPILER V9.52.0.0   LED                                                               04/07/2024 14:44:37 PAGE 1   


C51 COMPILER V9.52.0.0, COMPILATION OF MODULE LED
OBJECT MODULE PLACED IN .\Objects\LED.obj
COMPILER INVOKED BY: D:\Keil4\C51\BIN\C51.EXE source\source\LED.c BROWSE INCDIR(.\source\head file) DEBUG OBJECTEXTEND P
                    -RINT(.\Listings\LED.lst) TABS(2) OBJECT(.\Objects\LED.obj)

line level    source

   1          #include "LED.h"
   2          /*
   3          Q0-Q7->P7.0-P7.7
   4          LED21-LED24->P5.0-P5.3
   5          LED25-LED28->P5.4-P5.7
   6          LED29-LED32->P6.0->P6.3
   7          */
   8          /*
   9          void led_init(void){
  10              P74OUT&=0xFF;
  11              XBR2|=0x40;
  12              LED_NUM=0xFF;
  13              LED_SELECT_H|=0xFF;
  14              LED_SELECT_L|=0x0F;
  15          }
  16          */
  17          void led_display_num(uint8_t number){
  18   1          switch (number){
  19   2              case 0: LED_NUM=LED_NUM_0; break;
  20   2              case 1: LED_NUM=LED_NUM_1; break;
  21   2              case 2: LED_NUM=LED_NUM_2; break;
  22   2              case 3: LED_NUM=LED_NUM_3; break;
  23   2              case 4: LED_NUM=LED_NUM_4; break;
  24   2              case 5: LED_NUM=LED_NUM_5; break;
  25   2              case 6: LED_NUM=LED_NUM_6; break;
  26   2              case 7: LED_NUM=LED_NUM_7; break;
  27   2              case 8: LED_NUM=LED_NUM_8; break;
  28   2              case 9: LED_NUM=LED_NUM_9; break;
  29   2              case 10: LED_NUM=LED_NUM_10; break;
  30   2              case 11: LED_NUM=LED_NUM_11; break;
  31   2              case 12: LED_NUM=LED_NUM_12; break;
  32   2              case 13: LED_NUM=LED_NUM_13; break;
  33   2              case 14: LED_NUM=LED_NUM_14; break;
  34   2              case 15: LED_NUM=LED_NUM_15; break;
  35   2              default: break;
  36   2          }
  37   1      }
  38          
  39          void led_select(uint8_t order){
  40   1          switch (order){
  41   2              case 1: LED_SELECT_H=0xFE; LED_SELECT_L|=0x0F; break;
  42   2              case 2: LED_SELECT_H=0xFD; LED_SELECT_L|=0x0F; break;
  43   2              case 3: LED_SELECT_H=0xFB; LED_SELECT_L|=0x0F; break;
  44   2              case 4: LED_SELECT_H=0xF7; LED_SELECT_L|=0x0F; break;
  45   2              case 5: LED_SELECT_H=0xEF; LED_SELECT_L|=0x0F; break;
  46   2              case 6: LED_SELECT_H=0xDF; LED_SELECT_L|=0x0F; break;
  47   2              case 7: LED_SELECT_H=0xBF; LED_SELECT_L|=0x0F; break;
  48   2              case 8: LED_SELECT_H=0x7F; LED_SELECT_L|=0x0F; break;
  49   2              case 9: LED_SELECT_H=0xFF; LED_SELECT_L&=0xFE; break;
  50   2              case 10: LED_SELECT_H=0xFF; LED_SELECT_L&=0xFD; break;
  51   2              case 11: LED_SELECT_H=0xFF; LED_SELECT_L&=0xFB; break;
  52   2              case 12: LED_SELECT_H=0xFF; LED_SELECT_L&=0xF7; break;
  53   2              default:break;
  54   2          }
C51 COMPILER V9.52.0.0   LED                                                               04/07/2024 14:44:37 PAGE 2   

  55   1      }
  56          
  57          void led_dispaly(void){
  58   1          uint8_t temp[4]=0;
  59   1          temp[0]=score%10;
  60   1        temp[1]=score%100/10;
  61   1        temp[2]=score%1000/100;  
  62   1        temp[3]=score/1000;
  63   1          /*upper*/
  64   1          led_select(4);
  65   1          led_display_num(temp[0]);delay(500);P7=0xFF;
  66   1          led_select(3);
  67   1          led_display_num(temp[1]);delay(500);P7=0xFF;
  68   1          led_select(2);
  69   1          led_display_num(temp[2]);P7 = P7 & ~0x80;delay(500);P7=0xFF;
  70   1          led_select(1);
  71   1          led_display_num(temp[3]);delay(500);P7=0xFF;
  72   1          temp[0]=pad%10;
  73   1        temp[1]=pad%100/10;
  74   1        temp[2]=pad%1000/100;  
  75   1        temp[3]=pad/1000;
  76   1          /*middle*/
  77   1          led_select(8);
  78   1          led_display_num(temp[0]);delay(500);P7=0xFF;
  79   1          led_select(7);
  80   1          led_display_num(temp[1]);delay(500);P7=0xFF;
  81   1          led_select(6);
  82   1          led_display_num(temp[2]);P7 = P7 & ~0x80;delay(500);P7=0xFF;
  83   1          led_select(5);
  84   1          led_display_num(temp[3]);delay(500);P7=0xFF;
  85   1      }


MODULE INFORMATION:   STATIC OVERLAYABLE
   CODE SIZE        =    568    ----
   CONSTANT SIZE    =      4    ----
   XDATA SIZE       =   ----    ----
   PDATA SIZE       =   ----    ----
   DATA SIZE        =   ----       4
   IDATA SIZE       =   ----    ----
   BIT SIZE         =   ----    ----
END OF MODULE INFORMATION.


C51 COMPILATION COMPLETE.  0 WARNING(S),  0 ERROR(S)
